mkdir -p mnt || true
./nufs -s -f mnt data.nufs
fusermount -u mnt || true
TODO: mount data.nufs as data file
does this make a directory?
here in write data
access(/, 0004) -> 0
/BDMV
getattr(/BDMV) -> -1
/
refs: 0
getattr(/) -> 0
/.xdg-volume-info
getattr(/.xdg-volume-info) -> -1
/autorun.inf
getattr(/autorun.inf) -> -1
/
refs: 0
getattr(/) -> 0
readdir(/) -> 0
/
refs: 0
getattr(/) -> 0
/
refs: 0
getattr(/) -> 0
readdir(/) -> 0
/
refs: 0
getattr(/) -> 0
/
refs: 0
getattr(/) -> 0
readdir(/) -> 0
/
refs: 0
getattr(/) -> 0
/
refs: 0
getattr(/) -> 0
readdir(/) -> 0
/
refs: 0
getattr(/) -> 0
/
refs: 0
getattr(/) -> 0
readdir(/) -> 0
/
refs: 0
getattr(/) -> 0
/
refs: 0
getattr(/) -> 0
readdir(/) -> 0
/
refs: 0
getattr(/) -> 0
/
refs: 0
getattr(/) -> 0
readdir(/) -> 0
/
refs: 0
getattr(/) -> 0
/
refs: 0
getattr(/) -> 0
readdir(/) -> 0
/
refs: 0
getattr(/) -> 0
/
refs: 0
getattr(/) -> 0
readdir(/) -> 0
/
refs: 0
getattr(/) -> 0
/
refs: 0
getattr(/) -> 0
readdir(/) -> 0
/
refs: 0
getattr(/) -> 0
/
refs: 0
getattr(/) -> 0
readdir(/) -> 0
/
refs: 0
getattr(/) -> 0
/
refs: 0
getattr(/) -> 0
readdir(/) -> 0
/
refs: 0
getattr(/) -> 0
/
refs: 0
getattr(/) -> 0
readdir(/) -> 0
/
refs: 0
getattr(/) -> 0
/
refs: 0
getattr(/) -> 0
readdir(/) -> 0
/
refs: 0
getattr(/) -> 0
/
refs: 0
getattr(/) -> 0
readdir(/) -> 0
/
refs: 0
getattr(/) -> 0
/
refs: 0
getattr(/) -> 0
readdir(/) -> 0
/
refs: 0
getattr(/) -> 0
/
refs: 0
getattr(/) -> 0
readdir(/) -> 0
/
refs: 0
getattr(/) -> 0
/
refs: 0
getattr(/) -> 0
readdir(/) -> 0
/
refs: 0
getattr(/) -> 0
/
refs: 0
getattr(/) -> 0
readdir(/) -> 0
/
refs: 0
getattr(/) -> 0
/
refs: 0
getattr(/) -> 0
readdir(/) -> 0
/
refs: 0
getattr(/) -> 0
/
refs: 0
getattr(/) -> 0
readdir(/) -> 0
/
refs: 0
getattr(/) -> 0
/
refs: 0
getattr(/) -> 0
readdir(/) -> 0
/
refs: 0
getattr(/) -> 0
/
refs: 0
getattr(/) -> 0
readdir(/) -> 0
/autorun.inf
getattr(/autorun.inf) -> -1
/one.txt
getattr(/one.txt) -> -1
entered file
/one.txt

bruh moment
Thomas look here
/
data[0]: 1, fileTemp->node_num: 2
mknod(/one.txt, 100644) -> 2
/one.txt
refs: 0
getattr(/one.txt) -> 0
open(/one.txt) -> 0
ioctl(/one.txt, 21505, ...) -> 0
here in write data
write(/one.txt, 11 bytes, @+0) -> 11
/one.txt
refs: 0
getattr(/one.txt) -> 0
open(/one.txt) -> 0
ioctl(/one.txt, 21505, ...) -> 0
read(/one.txt, 4096 bytes, @+0) -> 4096
/one.txt
refs: 0
getattr(/one.txt) -> 0
/two.txt
getattr(/two.txt) -> -1
entered file
/two.txt

bruh moment
Thomas look here
/
data[0]: 2, fileTemp->node_num: 4
mknod(/two.txt, 100644) -> 4
/two.txt
refs: 0
getattr(/two.txt) -> 0
open(/two.txt) -> 0
ioctl(/two.txt, 21505, ...) -> 0
here in write data
write(/two.txt, 11 bytes, @+0) -> 11
/two.txt
refs: 0
getattr(/two.txt) -> 0
open(/two.txt) -> 0
ioctl(/two.txt, 21505, ...) -> 0
read(/two.txt, 4096 bytes, @+0) -> 4096
/two.txt
refs: 0
getattr(/two.txt) -> 0
/
refs: 0
getattr(/) -> 0
/
refs: 0
getattr(/) -> 0
readdir(/) -> 0
/2k.txt
getattr(/2k.txt) -> -1
entered file
/2k.txt

bruh moment
Thomas look here
/
data[0]: 3, fileTemp->node_num: 6
mknod(/2k.txt, 100644) -> 6
/2k.txt
refs: 0
getattr(/2k.txt) -> 0
open(/2k.txt) -> 0
ioctl(/2k.txt, 21505, ...) -> 0
here in write data
write(/2k.txt, 2001 bytes, @+0) -> 2001
open(/2k.txt) -> 0
ioctl(/2k.txt, 21505, ...) -> 0
/2k.txt
refs: 0
getattr(/2k.txt) -> 0
read(/2k.txt, 4096 bytes, @+0) -> 4096
/2k.txt
refs: 0
getattr(/2k.txt) -> 0
open(/2k.txt) -> 0
ioctl(/2k.txt, 21505, ...) -> 0
read(/2k.txt, 4096 bytes, @+0) -> 4096
mkdir -p mnt || true
./nufs -s -f mnt data.nufs
TODO: mount data.nufs as data file
does this make a directory?
not here
access(/, 0004) -> 0
/BDMV
getattr(/BDMV) -> -1
/
refs: 0
getattr(/) -> 0
/.xdg-volume-info
getattr(/.xdg-volume-info) -> -1
/
refs: 0
getattr(/) -> 0
readdir(/) -> 0
/autorun.inf
getattr(/autorun.inf) -> -1
/
refs: 0
getattr(/) -> 0
/
refs: 0
getattr(/) -> 0
readdir(/) -> 0
/
refs: 0
getattr(/) -> 0
/
refs: 0
getattr(/) -> 0
readdir(/) -> 0
/
refs: 0
getattr(/) -> 0
/
refs: 0
getattr(/) -> 0
readdir(/) -> 0
/
refs: 0
getattr(/) -> 0
/
refs: 0
getattr(/) -> 0
readdir(/) -> 0
/
refs: 0
getattr(/) -> 0
/
refs: 0
getattr(/) -> 0
readdir(/) -> 0
/
refs: 0
getattr(/) -> 0
/
refs: 0
getattr(/) -> 0
readdir(/) -> 0
/
refs: 0
getattr(/) -> 0
/
refs: 0
getattr(/) -> 0
readdir(/) -> 0
/
refs: 0
getattr(/) -> 0
/
refs: 0
getattr(/) -> 0
readdir(/) -> 0
/
refs: 0
getattr(/) -> 0
/
refs: 0
getattr(/) -> 0
readdir(/) -> 0
/
refs: 0
getattr(/) -> 0
/
refs: 0
getattr(/) -> 0
readdir(/) -> 0
/
refs: 0
getattr(/) -> 0
/
refs: 0
getattr(/) -> 0
readdir(/) -> 0
/
refs: 0
getattr(/) -> 0
/
refs: 0
getattr(/) -> 0
readdir(/) -> 0
/
refs: 0
getattr(/) -> 0
/
refs: 0
getattr(/) -> 0
readdir(/) -> 0
/
refs: 0
getattr(/) -> 0
/
refs: 0
getattr(/) -> 0
readdir(/) -> 0
/
refs: 0
getattr(/) -> 0
/
refs: 0
getattr(/) -> 0
readdir(/) -> 0
/
refs: 0
getattr(/) -> 0
/
refs: 0
getattr(/) -> 0
readdir(/) -> 0
/
refs: 0
getattr(/) -> 0
/
refs: 0
getattr(/) -> 0
readdir(/) -> 0
/
refs: 0
getattr(/) -> 0
/
refs: 0
getattr(/) -> 0
readdir(/) -> 0
/
refs: 0
getattr(/) -> 0
/
refs: 0
getattr(/) -> 0
readdir(/) -> 0
/
refs: 0
getattr(/) -> 0
/
refs: 0
getattr(/) -> 0
readdir(/) -> 0
/
refs: 0
getattr(/) -> 0
/
refs: 0
getattr(/) -> 0
readdir(/) -> 0
/
refs: 0
getattr(/) -> 0
/
refs: 0
getattr(/) -> 0
readdir(/) -> 0
/autorun.inf
getattr(/autorun.inf) -> -1
/
refs: 0
getattr(/) -> 0
/
refs: 0
getattr(/) -> 0
readdir(/) -> 0
/one.txt
refs: 0
getattr(/one.txt) -> 0
open(/one.txt) -> 0
ioctl(/one.txt, 21505, ...) -> 0
read(/one.txt, 4096 bytes, @+0) -> 4096
/one.txt
refs: 0
getattr(/one.txt) -> 0
/two.txt
refs: 0
getattr(/two.txt) -> 0
open(/two.txt) -> 0
ioctl(/two.txt, 21505, ...) -> 0
read(/two.txt, 4096 bytes, @+0) -> 4096
/two.txt
refs: 0
getattr(/two.txt) -> 0
rmdir(/one.txt) -> 0
/
refs: 0
getattr(/) -> 0
/
refs: 0
getattr(/) -> 0
readdir(/) -> 0
/abc.txt
getattr(/abc.txt) -> -1
/abc.txt
getattr(/abc.txt) -> -1
/abc.txt
getattr(/abc.txt) -> -1
rename(/two.txt => /abc.txt) -> 0
/
refs: 0
getattr(/) -> 0
/
refs: 0
getattr(/) -> 0
readdir(/) -> 0
open(/abc.txt) -> 0
ioctl(/abc.txt, 21505, ...) -> 0
/abc.txt
refs: 0
getattr(/abc.txt) -> 0
read(/abc.txt, 4096 bytes, @+0) -> 4096
/abc.txt
refs: 0
getattr(/abc.txt) -> 0
/def.txt
getattr(/def.txt) -> -1
/def.txt
getattr(/def.txt) -> -1
pooping
Thomas look here
/
data[0]: 3, fileTemp->node_num: 2
link(/abc.txt => /def.txt) -> 2
/def.txt
refs: 1
getattr(/def.txt) -> 0
open(/def.txt) -> 0
ioctl(/def.txt, 21505, ...) -> 0
read(/def.txt, 4096 bytes, @+0) -> 4096
/def.txt
refs: 1
getattr(/def.txt) -> 0
/abc.txt
refs: 1
getattr(/abc.txt) -> 0
rmdir(/abc.txt) -> 0
open(/def.txt) -> 0
ioctl(/def.txt, 21505, ...) -> 0
read(/def.txt, 4096 bytes, @+0) -> 4096
/def.txt
refs: 1
getattr(/def.txt) -> 0
/foo
getattr(/foo) -> -1
does this make a directory?
/foo

bruh moment
Thomas look here
/
data[0]: 3, fileTemp->node_num: 4
mknod(/foo, 40755) -> 4
mkdir(/foo) -> 0
/foo
refs: 0
getattr(/foo) -> 0
/foo/abc.txt
getattr(/foo/abc.txt) -> -1
/foo/abc.txt
getattr(/foo/abc.txt) -> -1
open(/def.txt) -> 0
/foo/abc.txt
getattr(/foo/abc.txt) -> -1
entered file
/foo/abc.txt
/fooo, two

bruh moment
Thomas look here
/
data[0]: 4, fileTemp->node_num: 8
mknod(/foo/abc.txt, 100644) -> 8
/foo/abc.txt
refs: 0
getattr(/foo/abc.txt) -> 0
open(/foo/abc.txt) -> 0
read(/def.txt, 4096 bytes, @+0) -> 4096
here in write data
write(/foo/abc.txt, 11 bytes, @+0) -> 11
/def.txt
refs: 1
getattr(/def.txt) -> 0
open(/foo/abc.txt) -> 0
ioctl(/foo/abc.txt, 21505, ...) -> 0
/foo/abc.txt
refs: 0
getattr(/foo/abc.txt) -> 0
read(/foo/abc.txt, 4096 bytes, @+0) -> 4096
/foo/abc.txt
refs: 0
getattr(/foo/abc.txt) -> 0
/40k.txt
getattr(/40k.txt) -> -1
entered file
/40k.txt

bruh moment
Thomas look here
/
data[0]: 5, fileTemp->node_num: 10
mknod(/40k.txt, 100644) -> 10
/40k.txt
refs: 0
getattr(/40k.txt) -> 0
open(/40k.txt) -> 0
ioctl(/40k.txt, 21505, ...) -> 0
here in write data
write(/40k.txt, 4096 bytes, @+0) -> 4096
here in write data
write(/40k.txt, 4096 bytes, @+4096) -> 4096
here in write data
write(/40k.txt, 4096 bytes, @+8192) -> 4096
here in write data
write(/40k.txt, 4096 bytes, @+12288) -> 4096
here in write data
write(/40k.txt, 4096 bytes, @+16384) -> 4096
here in write data
write(/40k.txt, 4096 bytes, @+20480) -> 4096
here in write data
write(/40k.txt, 4096 bytes, @+24576) -> 4096
here in write data
write(/40k.txt, 4096 bytes, @+28672) -> 4096
here in write data
write(/40k.txt, 4096 bytes, @+32768) -> 4096
here in write data
write(/40k.txt, 3137 bytes, @+36864) -> 3137
open(/40k.txt) -> 0
ioctl(/40k.txt, 21505, ...) -> 0
/40k.txt
refs: 0
getattr(/40k.txt) -> 0
read(/40k.txt, 16384 bytes, @+0) -> 16384
read(/40k.txt, 24576 bytes, @+16384) -> 24576
/40k.txt
refs: 0
getattr(/40k.txt) -> 0
open(/40k.txt) -> 0
ioctl(/40k.txt, 21505, ...) -> 0
read(/40k.txt, 12288 bytes, @+4096) -> 12288
access(/, 0001) -> 0
/dir1
getattr(/dir1) -> -1
does this make a directory?
/dir1

bruh moment
Thomas look here
/
data[0]: 6, fileTemp->node_num: 12
here in write data
mknod(/dir1, 40755) -> 12
mkdir(/dir1) -> 0
/dir1
refs: 0
getattr(/dir1) -> 0
access(/dir1, 0001) -> 0
/dir1/dir2
getattr(/dir1/dir2) -> -1
does this make a directory?
/dir1/dir2
/dir1y characters long.==This string is fourty characters long.==This st1÷
bruh moment
Thomas look here
/
data[0]: 7, fileTemp->node_num: 14
here in write data
mknod(/dir1/dir2, 40755) -> 14
mkdir(/dir1/dir2) -> 0
/dir1/dir2
refs: 0
getattr(/dir1/dir2) -> 0
access(/dir1/dir2, 0001) -> 0
/dir1/dir2/dir3
getattr(/dir1/dir2/dir3) -> -1
does this make a directory?
/dir1/dir2/dir3
/dir1/dir2racters long.==This string is fourty characters long.==This stáö
bruh moment
Thomas look here
/
data[0]: 8, fileTemp->node_num: 16
here in write data
mknod(/dir1/dir2/dir3, 40755) -> 16
mkdir(/dir1/dir2/dir3) -> 0
/dir1/dir2/dir3
refs: 0
getattr(/dir1/dir2/dir3) -> 0
access(/dir1/dir2/dir3, 0001) -> 0
/dir1/dir2/dir3/dir4
getattr(/dir1/dir2/dir3/dir4) -> -1
does this make a directory?
/dir1/dir2/dir3/dir4
/dir1/dir2/dir3rs long.==This string is fourty characters long.==This st‘ö
bruh moment
Thomas look here
/
data[0]: 9, fileTemp->node_num: 18
here in write data
mknod(/dir1/dir2/dir3/dir4, 40755) -> 18
mkdir(/dir1/dir2/dir3/dir4) -> 0
/dir1/dir2/dir3/dir4
refs: 0
getattr(/dir1/dir2/dir3/dir4) -> 0
access(/dir1/dir2/dir3/dir4, 0001) -> 0
/dir1/dir2/dir3/dir4/dir5
getattr(/dir1/dir2/dir3/dir4/dir5) -> -1
does this make a directory?
/dir1/dir2/dir3/dir4/dir5
/dir1/dir2/dir3/dir4ng.==This string is fourty characters long.==This stAö
bruh moment
Thomas look here
/
data[0]: 10, fileTemp->node_num: 20
here in write data
mknod(/dir1/dir2/dir3/dir4/dir5, 40755) -> 20
mkdir(/dir1/dir2/dir3/dir4/dir5) -> 0
/dir1/dir2/dir3/dir4/dir5
refs: 0
getattr(/dir1/dir2/dir3/dir4/dir5) -> 0
/dir1/dir2/dir3/dir4/dir5/hello.txt
getattr(/dir1/dir2/dir3/dir4/dir5/hello.txt) -> -1
entered file
/dir1/dir2/dir3/dir4/dir5/hello.txt
/dir1/dir2/dir3/dir4/dir5This string is fourty characters long.==This stñõ
bruh moment
Thomas look here
/
data[0]: 11, fileTemp->node_num: 22
mknod(/dir1/dir2/dir3/dir4/dir5/hello.txt, 100644) -> 22
/dir1/dir2/dir3/dir4/dir5/hello.txt
refs: 0
getattr(/dir1/dir2/dir3/dir4/dir5/hello.txt) -> 0
open(/dir1/dir2/dir3/dir4/dir5/hello.txt) -> 0
ioctl(/dir1/dir2/dir3/dir4/dir5/hello.txt, 21505, ...) -> 0
here in write data
write(/dir1/dir2/dir3/dir4/dir5/hello.txt, 12 bytes, @+0) -> 12
open(/dir1/dir2/dir3/dir4/dir5/hello.txt) -> 0
ioctl(/dir1/dir2/dir3/dir4/dir5/hello.txt, 21505, ...) -> 0
/dir1/dir2/dir3/dir4/dir5/hello.txt
refs: 0
getattr(/dir1/dir2/dir3/dir4/dir5/hello.txt) -> 0
read(/dir1/dir2/dir3/dir4/dir5/hello.txt, 4096 bytes, @+0) -> 4096
/dir1/dir2/dir3/dir4/dir5/hello.txt
refs: 0
getattr(/dir1/dir2/dir3/dir4/dir5/hello.txt) -> 0
/numbers
getattr(/numbers) -> -1
does this make a directory?
/numbers

bruh moment
Thomas look here
/
data[0]: 12, fileTemp->node_num: 24
here in write data
mknod(/numbers, 40755) -> 24
mkdir(/numbers) -> 0
/numbers
refs: 0
getattr(/numbers) -> 0
/numbers/1.num
getattr(/numbers/1.num) -> -1
entered file
/numbers/1.num
/numbersere

bruh moment
Thomas look here
/
data[0]: 13, fileTemp->node_num: 26
mknod(/numbers/1.num, 100644) -> 26
/numbers/1.num
refs: 0
getattr(/numbers/1.num) -> 0
open(/numbers/1.num) -> 0
ioctl(/numbers/1.num, 21505, ...) -> 0
here in write data
write(/numbers/1.num, 2 bytes, @+0) -> 2
/numbers/2.num
getattr(/numbers/2.num) -> -1
entered file
/numbers/2.num
/numbers
bruh moment
Thomas look here
/
data[0]: 14, fileTemp->node_num: 28
mknod(/numbers/2.num, 100644) -> 28
/numbers/2.num
refs: 0
getattr(/numbers/2.num) -> 0
open(/numbers/2.num) -> 0
ioctl(/numbers/2.num, 21505, ...) -> 0
here in write data
write(/numbers/2.num, 2 bytes, @+0) -> 2
/numbers/3.num
getattr(/numbers/3.num) -> -1
entered file
/numbers/3.num
/numbers
bruh moment
Thomas look here
/
data[0]: 15, fileTemp->node_num: 30
mknod(/numbers/3.num, 100644) -> 30
/numbers/3.num
refs: 0
getattr(/numbers/3.num) -> 0
open(/numbers/3.num) -> 0
ioctl(/numbers/3.num, 21505, ...) -> 0
here in write data
write(/numbers/3.num, 2 bytes, @+0) -> 2
/numbers/4.num
getattr(/numbers/4.num) -> -1
entered file
/numbers/4.num
/numbers
bruh moment
Thomas look here
/
data[0]: 16, fileTemp->node_num: 32
mknod(/numbers/4.num, 100644) -> 32
/numbers/4.num
refs: 0
getattr(/numbers/4.num) -> 0
open(/numbers/4.num) -> 0
ioctl(/numbers/4.num, 21505, ...) -> 0
here in write data
write(/numbers/4.num, 2 bytes, @+0) -> 2
/numbers/5.num
getattr(/numbers/5.num) -> -1
entered file
/numbers/5.num
/numbers
bruh moment
Thomas look here
/
data[0]: 17, fileTemp->node_num: 34
mknod(/numbers/5.num, 100644) -> 34
/numbers/5.num
refs: 0
getattr(/numbers/5.num) -> 0
open(/numbers/5.num) -> 0
ioctl(/numbers/5.num, 21505, ...) -> 0
here in write data
write(/numbers/5.num, 2 bytes, @+0) -> 2
/numbers/6.num
getattr(/numbers/6.num) -> -1
entered file
/numbers/6.num
/numbers
bruh moment
Thomas look here
/
data[0]: 18, fileTemp->node_num: 36
mknod(/numbers/6.num, 100644) -> 36
/numbers/6.num
refs: 0
getattr(/numbers/6.num) -> 0
open(/numbers/6.num) -> 0
ioctl(/numbers/6.num, 21505, ...) -> 0
here in write data
write(/numbers/6.num, 2 bytes, @+0) -> 2
/numbers/7.num
getattr(/numbers/7.num) -> -1
entered file
/numbers/7.num
/numbers
bruh moment
Thomas look here
/
data[0]: 19, fileTemp->node_num: 38
mknod(/numbers/7.num, 100644) -> 38
/numbers/7.num
refs: 0
getattr(/numbers/7.num) -> 0
open(/numbers/7.num) -> 0
ioctl(/numbers/7.num, 21505, ...) -> 0
here in write data
write(/numbers/7.num, 2 bytes, @+0) -> 2
/numbers/8.num
getattr(/numbers/8.num) -> -1
entered file
/numbers/8.num
/numbers
bruh moment
Thomas look here
/
data[0]: 20, fileTemp->node_num: 40
mknod(/numbers/8.num, 100644) -> 40
/numbers/8.num
refs: 0
getattr(/numbers/8.num) -> 0
open(/numbers/8.num) -> 0
ioctl(/numbers/8.num, 21505, ...) -> 0
here in write data
write(/numbers/8.num, 2 bytes, @+0) -> 2
/numbers/9.num
getattr(/numbers/9.num) -> -1
entered file
/numbers/9.num
/numbers
bruh moment
Thomas look here
/
data[0]: 21, fileTemp->node_num: 42
mknod(/numbers/9.num, 100644) -> 42
/numbers/9.num
refs: 0
getattr(/numbers/9.num) -> 0
open(/numbers/9.num) -> 0
ioctl(/numbers/9.num, 21505, ...) -> 0
here in write data
write(/numbers/9.num, 2 bytes, @+0) -> 2
/numbers/10.num
getattr(/numbers/10.num) -> -1
entered file
/numbers/10.num
/numbers
bruh moment
Thomas look here
/
data[0]: 22, fileTemp->node_num: 44
mknod(/numbers/10.num, 100644) -> 44
/numbers/10.num
refs: 0
getattr(/numbers/10.num) -> 0
open(/numbers/10.num) -> 0
ioctl(/numbers/10.num, 21505, ...) -> 0
here in write data
write(/numbers/10.num, 3 bytes, @+0) -> 3
/numbers/11.num
getattr(/numbers/11.num) -> -1
entered file
/numbers/11.num
/numbers
bruh moment
Thomas look here
/
data[0]: 23, fileTemp->node_num: 46
mknod(/numbers/11.num, 100644) -> 46
/numbers/11.num
refs: 0
getattr(/numbers/11.num) -> 0
open(/numbers/11.num) -> 0
ioctl(/numbers/11.num, 21505, ...) -> 0
here in write data
write(/numbers/11.num, 3 bytes, @+0) -> 3
/numbers/12.num
getattr(/numbers/12.num) -> -1
entered file
/numbers/12.num
/numbers
bruh moment
Thomas look here
/
data[0]: 24, fileTemp->node_num: 48
mknod(/numbers/12.num, 100644) -> 48
/numbers/12.num
refs: 0
getattr(/numbers/12.num) -> 0
open(/numbers/12.num) -> 0
ioctl(/numbers/12.num, 21505, ...) -> 0
here in write data
write(/numbers/12.num, 3 bytes, @+0) -> 3
/numbers/13.num
getattr(/numbers/13.num) -> -1
entered file
/numbers/13.num
/numbers
bruh moment
Thomas look here
/
data[0]: 25, fileTemp->node_num: 50
mknod(/numbers/13.num, 100644) -> 50
/numbers/13.num
refs: 0
getattr(/numbers/13.num) -> 0
open(/numbers/13.num) -> 0
ioctl(/numbers/13.num, 21505, ...) -> 0
here in write data
write(/numbers/13.num, 3 bytes, @+0) -> 3
/numbers/14.num
getattr(/numbers/14.num) -> -1
entered file
/numbers/14.num
/numbers
bruh moment
Thomas look here
/
data[0]: 26, fileTemp->node_num: 52
mknod(/numbers/14.num, 100644) -> 52
/numbers/14.num
refs: 0
getattr(/numbers/14.num) -> 0
open(/numbers/14.num) -> 0
ioctl(/numbers/14.num, 21505, ...) -> 0
here in write data
write(/numbers/14.num, 3 bytes, @+0) -> 3
/numbers/15.num
getattr(/numbers/15.num) -> -1
entered file
/numbers/15.num
/numbers
bruh moment
Thomas look here
/
data[0]: 27, fileTemp->node_num: 54
mknod(/numbers/15.num, 100644) -> 54
/numbers/15.num
refs: 0
getattr(/numbers/15.num) -> 0
open(/numbers/15.num) -> 0
ioctl(/numbers/15.num, 21505, ...) -> 0
here in write data
write(/numbers/15.num, 3 bytes, @+0) -> 3
/numbers/16.num
getattr(/numbers/16.num) -> -1
entered file
/numbers/16.num
/numbers
bruh moment
Thomas look here
/
data[0]: 28, fileTemp->node_num: 56
mknod(/numbers/16.num, 100644) -> 56
/numbers/16.num
refs: 0
getattr(/numbers/16.num) -> 0
open(/numbers/16.num) -> 0
ioctl(/numbers/16.num, 21505, ...) -> 0
here in write data
write(/numbers/16.num, 3 bytes, @+0) -> 3
/numbers/17.num
getattr(/numbers/17.num) -> -1
entered file
/numbers/17.num
/numbers
bruh moment
Thomas look here
/
data[0]: 29, fileTemp->node_num: 58
mknod(/numbers/17.num, 100644) -> 58
/numbers/17.num
refs: 0
getattr(/numbers/17.num) -> 0
open(/numbers/17.num) -> 0
ioctl(/numbers/17.num, 21505, ...) -> 0
here in write data
write(/numbers/17.num, 3 bytes, @+0) -> 3
/numbers/18.num
getattr(/numbers/18.num) -> -1
entered file
/numbers/18.num
/numbers
bruh moment
Thomas look here
/
data[0]: 30, fileTemp->node_num: 60
mknod(/numbers/18.num, 100644) -> 60
/numbers/18.num
refs: 0
getattr(/numbers/18.num) -> 0
open(/numbers/18.num) -> 0
ioctl(/numbers/18.num, 21505, ...) -> 0
here in write data
write(/numbers/18.num, 3 bytes, @+0) -> 3
/numbers/19.num
getattr(/numbers/19.num) -> -1
entered file
/numbers/19.num
/numbers
bruh moment
Thomas look here
/
data[0]: 31, fileTemp->node_num: 62
mknod(/numbers/19.num, 100644) -> 62
/numbers/19.num
refs: 0
getattr(/numbers/19.num) -> 0
open(/numbers/19.num) -> 0
ioctl(/numbers/19.num, 21505, ...) -> 0
here in write data
write(/numbers/19.num, 3 bytes, @+0) -> 3
/numbers/20.num
getattr(/numbers/20.num) -> -1
entered file
/numbers/20.num
/numbers
bruh moment
Thomas look here
/
data[0]: 32, fileTemp->node_num: 64
mknod(/numbers/20.num, 100644) -> 64
/numbers/20.num
refs: 0
getattr(/numbers/20.num) -> 0
open(/numbers/20.num) -> 0
ioctl(/numbers/20.num, 21505, ...) -> 0
here in write data
write(/numbers/20.num, 3 bytes, @+0) -> 3
/numbers/21.num
getattr(/numbers/21.num) -> -1
entered file
/numbers/21.num
/numbers
bruh moment
Thomas look here
/
data[0]: 33, fileTemp->node_num: 66
mknod(/numbers/21.num, 100644) -> 66
/numbers/21.num
refs: 0
getattr(/numbers/21.num) -> 0
open(/numbers/21.num) -> 0
ioctl(/numbers/21.num, 21505, ...) -> 0
here in write data
write(/numbers/21.num, 3 bytes, @+0) -> 3
/numbers/22.num
getattr(/numbers/22.num) -> -1
entered file
/numbers/22.num
/numbers
bruh moment
Thomas look here
/
data[0]: 34, fileTemp->node_num: 68
mknod(/numbers/22.num, 100644) -> 68
/numbers/22.num
refs: 0
getattr(/numbers/22.num) -> 0
open(/numbers/22.num) -> 0
ioctl(/numbers/22.num, 21505, ...) -> 0
here in write data
write(/numbers/22.num, 3 bytes, @+0) -> 3
/numbers/23.num
getattr(/numbers/23.num) -> -1
entered file
/numbers/23.num
/numbers
bruh moment
Thomas look here
/
data[0]: 35, fileTemp->node_num: 70
mknod(/numbers/23.num, 100644) -> 70
/numbers/23.num
refs: 0
getattr(/numbers/23.num) -> 0
open(/numbers/23.num) -> 0
ioctl(/numbers/23.num, 21505, ...) -> 0
here in write data
write(/numbers/23.num, 3 bytes, @+0) -> 3
/numbers/24.num
getattr(/numbers/24.num) -> -1
entered file
/numbers/24.num
/numbers
bruh moment
Thomas look here
/
data[0]: 36, fileTemp->node_num: 72
mknod(/numbers/24.num, 100644) -> 72
/numbers/24.num
refs: 0
getattr(/numbers/24.num) -> 0
open(/numbers/24.num) -> 0
ioctl(/numbers/24.num, 21505, ...) -> 0
here in write data
write(/numbers/24.num, 3 bytes, @+0) -> 3
/numbers/25.num
getattr(/numbers/25.num) -> -1
entered file
/numbers/25.num
/numbers
bruh moment
Thomas look here
/
data[0]: 37, fileTemp->node_num: 74
mknod(/numbers/25.num, 100644) -> 74
/numbers/25.num
refs: 0
getattr(/numbers/25.num) -> 0
open(/numbers/25.num) -> 0
ioctl(/numbers/25.num, 21505, ...) -> 0
here in write data
write(/numbers/25.num, 3 bytes, @+0) -> 3
/numbers/26.num
getattr(/numbers/26.num) -> -1
entered file
/numbers/26.num
/numbers
bruh moment
Thomas look here
/
data[0]: 38, fileTemp->node_num: 76
mknod(/numbers/26.num, 100644) -> 76
/numbers/26.num
refs: 0
getattr(/numbers/26.num) -> 0
open(/numbers/26.num) -> 0
ioctl(/numbers/26.num, 21505, ...) -> 0
here in write data
write(/numbers/26.num, 3 bytes, @+0) -> 3
/numbers/27.num
getattr(/numbers/27.num) -> -1
entered file
/numbers/27.num
/numbers
bruh moment
Thomas look here
/
data[0]: 39, fileTemp->node_num: 78
mknod(/numbers/27.num, 100644) -> 78
/numbers/27.num
refs: 0
getattr(/numbers/27.num) -> 0
open(/numbers/27.num) -> 0
ioctl(/numbers/27.num, 21505, ...) -> 0
here in write data
write(/numbers/27.num, 3 bytes, @+0) -> 3
/numbers/28.num
getattr(/numbers/28.num) -> -1
entered file
/numbers/28.num
/numbers
bruh moment
Thomas look here
/
data[0]: 40, fileTemp->node_num: 80
mknod(/numbers/28.num, 100644) -> 80
/numbers/28.num
refs: 0
getattr(/numbers/28.num) -> 0
open(/numbers/28.num) -> 0
ioctl(/numbers/28.num, 21505, ...) -> 0
here in write data
write(/numbers/28.num, 3 bytes, @+0) -> 3
/numbers/29.num
getattr(/numbers/29.num) -> -1
entered file
/numbers/29.num
/numbers
bruh moment
Thomas look here
/
data[0]: 41, fileTemp->node_num: 82
mknod(/numbers/29.num, 100644) -> 82
/numbers/29.num
refs: 0
getattr(/numbers/29.num) -> 0
open(/numbers/29.num) -> 0
ioctl(/numbers/29.num, 21505, ...) -> 0
here in write data
write(/numbers/29.num, 3 bytes, @+0) -> 3
/numbers/30.num
getattr(/numbers/30.num) -> -1
entered file
/numbers/30.num
/numbers
bruh moment
Thomas look here
/
data[0]: 42, fileTemp->node_num: 84
mknod(/numbers/30.num, 100644) -> 84
/numbers/30.num
refs: 0
getattr(/numbers/30.num) -> 0
open(/numbers/30.num) -> 0
ioctl(/numbers/30.num, 21505, ...) -> 0
here in write data
write(/numbers/30.num, 3 bytes, @+0) -> 3
/numbers/31.num
getattr(/numbers/31.num) -> -1
entered file
/numbers/31.num
/numbers
bruh moment
Thomas look here
/
data[0]: 43, fileTemp->node_num: 86
mknod(/numbers/31.num, 100644) -> 86
/numbers/31.num
refs: 0
getattr(/numbers/31.num) -> 0
open(/numbers/31.num) -> 0
ioctl(/numbers/31.num, 21505, ...) -> 0
here in write data
write(/numbers/31.num, 3 bytes, @+0) -> 3
/numbers/32.num
getattr(/numbers/32.num) -> -1
entered file
/numbers/32.num
/numbers
bruh moment
Thomas look here
/
data[0]: 44, fileTemp->node_num: 88
mknod(/numbers/32.num, 100644) -> 88
/numbers/32.num
refs: 0
getattr(/numbers/32.num) -> 0
open(/numbers/32.num) -> 0
ioctl(/numbers/32.num, 21505, ...) -> 0
here in write data
write(/numbers/32.num, 3 bytes, @+0) -> 3
/numbers/33.num
getattr(/numbers/33.num) -> -1
entered file
/numbers/33.num
/numbers
bruh moment
Thomas look here
/
data[0]: 45, fileTemp->node_num: 90
mknod(/numbers/33.num, 100644) -> 90
/numbers/33.num
refs: 0
getattr(/numbers/33.num) -> 0
open(/numbers/33.num) -> 0
ioctl(/numbers/33.num, 21505, ...) -> 0
here in write data
write(/numbers/33.num, 3 bytes, @+0) -> 3
/numbers/34.num
getattr(/numbers/34.num) -> -1
entered file
/numbers/34.num
/numbers
bruh moment
Thomas look here
/
data[0]: 46, fileTemp->node_num: 92
mknod(/numbers/34.num, 100644) -> 92
/numbers/34.num
refs: 0
getattr(/numbers/34.num) -> 0
open(/numbers/34.num) -> 0
ioctl(/numbers/34.num, 21505, ...) -> 0
here in write data
write(/numbers/34.num, 3 bytes, @+0) -> 3
/numbers/35.num
getattr(/numbers/35.num) -> -1
entered file
/numbers/35.num
/numbers
bruh moment
Thomas look here
/
data[0]: 47, fileTemp->node_num: 94
mknod(/numbers/35.num, 100644) -> 94
/numbers/35.num
refs: 0
getattr(/numbers/35.num) -> 0
open(/numbers/35.num) -> 0
ioctl(/numbers/35.num, 21505, ...) -> 0
here in write data
write(/numbers/35.num, 3 bytes, @+0) -> 3
/numbers/36.num
getattr(/numbers/36.num) -> -1
entered file
/numbers/36.num
/numbers
bruh moment
Thomas look here
/
data[0]: 48, fileTemp->node_num: 96
mknod(/numbers/36.num, 100644) -> 96
/numbers/36.num
refs: 0
getattr(/numbers/36.num) -> 0
open(/numbers/36.num) -> 0
ioctl(/numbers/36.num, 21505, ...) -> 0
here in write data
write(/numbers/36.num, 3 bytes, @+0) -> 3
/numbers/37.num
getattr(/numbers/37.num) -> -1
entered file
/numbers/37.num
/numbers
bruh moment
Thomas look here
/
data[0]: 49, fileTemp->node_num: 98
mknod(/numbers/37.num, 100644) -> 98
/numbers/37.num
refs: 0
getattr(/numbers/37.num) -> 0
open(/numbers/37.num) -> 0
ioctl(/numbers/37.num, 21505, ...) -> 0
here in write data
write(/numbers/37.num, 3 bytes, @+0) -> 3
/numbers/38.num
getattr(/numbers/38.num) -> -1
entered file
/numbers/38.num
/numbers
bruh moment
Thomas look here
/
data[0]: 50, fileTemp->node_num: 100
mknod(/numbers/38.num, 100644) -> 100
/numbers/38.num
refs: 0
getattr(/numbers/38.num) -> 0
open(/numbers/38.num) -> 0
ioctl(/numbers/38.num, 21505, ...) -> 0
here in write data
write(/numbers/38.num, 3 bytes, @+0) -> 3
/numbers/39.num
getattr(/numbers/39.num) -> -1
entered file
/numbers/39.num
/numbers
bruh moment
Thomas look here
/
data[0]: 51, fileTemp->node_num: 102
mknod(/numbers/39.num, 100644) -> 102
/numbers/39.num
refs: 0
getattr(/numbers/39.num) -> 0
open(/numbers/39.num) -> 0
ioctl(/numbers/39.num, 21505, ...) -> 0
here in write data
write(/numbers/39.num, 3 bytes, @+0) -> 3
/numbers/40.num
getattr(/numbers/40.num) -> -1
entered file
/numbers/40.num
/numbers
bruh moment
Thomas look here
/
data[0]: 52, fileTemp->node_num: 104
mknod(/numbers/40.num, 100644) -> 104
/numbers/40.num
refs: 0
getattr(/numbers/40.num) -> 0
open(/numbers/40.num) -> 0
ioctl(/numbers/40.num, 21505, ...) -> 0
here in write data
write(/numbers/40.num, 3 bytes, @+0) -> 3
/numbers/41.num
getattr(/numbers/41.num) -> -1
entered file
/numbers/41.num
/numbers
bruh moment
Thomas look here
/
data[0]: 53, fileTemp->node_num: 106
mknod(/numbers/41.num, 100644) -> 106
/numbers/41.num
refs: 0
getattr(/numbers/41.num) -> 0
open(/numbers/41.num) -> 0
ioctl(/numbers/41.num, 21505, ...) -> 0
here in write data
write(/numbers/41.num, 3 bytes, @+0) -> 3
/numbers/42.num
getattr(/numbers/42.num) -> -1
entered file
/numbers/42.num
/numbers
bruh moment
Thomas look here
/
data[0]: 54, fileTemp->node_num: 108
mknod(/numbers/42.num, 100644) -> 108
/numbers/42.num
refs: 0
getattr(/numbers/42.num) -> 0
open(/numbers/42.num) -> 0
ioctl(/numbers/42.num, 21505, ...) -> 0
here in write data
write(/numbers/42.num, 3 bytes, @+0) -> 3
/numbers/43.num
getattr(/numbers/43.num) -> -1
entered file
/numbers/43.num
/numbers
bruh moment
Thomas look here
/
data[0]: 55, fileTemp->node_num: 110
mknod(/numbers/43.num, 100644) -> 110
/numbers/43.num
refs: 0
getattr(/numbers/43.num) -> 0
open(/numbers/43.num) -> 0
ioctl(/numbers/43.num, 21505, ...) -> 0
here in write data
write(/numbers/43.num, 3 bytes, @+0) -> 3
/numbers/44.num
getattr(/numbers/44.num) -> -1
entered file
/numbers/44.num
/numbers
bruh moment
Thomas look here
/
data[0]: 56, fileTemp->node_num: 112
mknod(/numbers/44.num, 100644) -> 112
/numbers/44.num
refs: 0
getattr(/nfusermount -u mnt || true
umbers/44.num) -> 0
open(/numbers/44.num) -> 0
ioctl(/numbers/44.num, 21505, ...) -> 0
here in write data
write(/numbers/44.num, 3 bytes, @+0) -> 3
/numbers/45.num
getattr(/numbers/45.num) -> -1
entered file
/numbers/45.num
/numbers
bruh moment
Thomas look here
/
data[0]: 57, fileTemp->node_num: 114
mknod(/numbers/45.num, 100644) -> 114
/numbers/45.num
refs: 0
getattr(/numbers/45.num) -> 0
open(/numbers/45.num) -> 0
ioctl(/numbers/45.num, 21505, ...) -> 0
here in write data
write(/numbers/45.num, 3 bytes, @+0) -> 3
/numbers/46.num
getattr(/numbers/46.num) -> -1
entered file
/numbers/46.num
/numbers
bruh moment
Thomas look here
/
data[0]: 58, fileTemp->node_num: 116
mknod(/numbers/46.num, 100644) -> 116
/numbers/46.num
refs: 0
getattr(/numbers/46.num) -> 0
open(/numbers/46.num) -> 0
ioctl(/numbers/46.num, 21505, ...) -> 0
here in write data
write(/numbers/46.num, 3 bytes, @+0) -> 3
/numbers/47.num
getattr(/numbers/47.num) -> -1
entered file
/numbers/47.num
/numbers
bruh moment
Thomas look here
/
data[0]: 59, fileTemp->node_num: 118
mknod(/numbers/47.num, 100644) -> 118
/numbers/47.num
refs: 0
getattr(/numbers/47.num) -> 0
open(/numbers/47.num) -> 0
ioctl(/numbers/47.num, 21505, ...) -> 0
here in write data
write(/numbers/47.num, 3 bytes, @+0) -> 3
/numbers/48.num
getattr(/numbers/48.num) -> -1
entered file
/numbers/48.num
/numbers
bruh moment
Thomas look here
/
data[0]: 60, fileTemp->node_num: 120
mknod(/numbers/48.num, 100644) -> 120
/numbers/48.num
refs: 0
getattr(/numbers/48.num) -> 0
open(/numbers/48.num) -> 0
ioctl(/numbers/48.num, 21505, ...) -> 0
here in write data
write(/numbers/48.num, 3 bytes, @+0) -> 3
/numbers/49.num
getattr(/numbers/49.num) -> -1
entered file
/numbers/49.num
/numbers
bruh moment
Thomas look here
/
data[0]: 61, fileTemp->node_num: 122
mknod(/numbers/49.num, 100644) -> 122
/numbers/49.num
refs: 0
getattr(/numbers/49.num) -> 0
open(/numbers/49.num) -> 0
ioctl(/numbers/49.num, 21505, ...) -> 0
here in write data
write(/numbers/49.num, 3 bytes, @+0) -> 3
/numbers/50.num
getattr(/numbers/50.num) -> -1
entered file
/numbers/50.num
/numbers
bruh moment
Thomas look here
/
data[0]: 62, fileTemp->node_num: 124
mknod(/numbers/50.num, 100644) -> 124
/numbers/50.num
refs: 0
getattr(/numbers/50.num) -> 0
open(/numbers/50.num) -> 0
ioctl(/numbers/50.num, 21505, ...) -> 0
here in write data
write(/numbers/50.num, 3 bytes, @+0) -> 3
/numbers
refs: 0
getattr(/numbers) -> 0
/numbers
refs: 0
getattr(/numbers) -> 0
readdir(/numbers) -> 0
open(/numbers/10.num) -> 0
ioctl(/numbers/10.num, 21505, ...) -> 0
/numbers/10.num
refs: 0
getattr(/numbers/10.num) -> 0
read(/numbers/10.num, 4096 bytes, @+0) -> 4096
/numbers/10.num
refs: 0
getattr(/numbers/10.num) -> 0
open(/numbers/20.num) -> 0
ioctl(/numbers/20.num, 21505, ...) -> 0
/numbers/20.num
refs: 0
getattr(/numbers/20.num) -> 0
read(/numbers/20.num, 4096 bytes, @+0) -> 4096
/numbers/20.num
refs: 0
getattr(/numbers/20.num) -> 0
open(/numbers/30.num) -> 0
ioctl(/numbers/30.num, 21505, ...) -> 0
/numbers/30.num
refs: 0
getattr(/numbers/30.num) -> 0
read(/numbers/30.num, 4096 bytes, @+0) -> 4096
/numbers/30.num
refs: 0
getattr(/numbers/30.num) -> 0
open(/numbers/40.num) -> 0
ioctl(/numbers/40.num, 21505, ...) -> 0
/numbers/40.num
refs: 0
getattr(/numbers/40.num) -> 0
read(/numbers/40.num, 4096 bytes, @+0) -> 4096
/numbers/40.num
refs: 0
getattr(/numbers/40.num) -> 0
open(/numbers/50.num) -> 0
ioctl(/numbers/50.num, 21505, ...) -> 0
/numbers/50.num
refs: 0
getattr(/numbers/50.num) -> 0
read(/numbers/50.num, 4096 bytes, @+0) -> 4096
/numbers/50.num
refs: 0
getattr(/numbers/50.num) -> 0
/numbers/7.num
refs: 0
getattr(/numbers/7.num) -> 0
access(/numbers/7.num, 0002) -> 0
rmdir(/numbers/7.num) -> 0
/numbers/14.num
refs: 0
getattr(/numbers/14.num) -> 0
access(/numbers/14.num, 0002) -> 0
rmdir(/numbers/14.num) -> 0
/numbers/21.num
refs: 0
getattr(/numbers/21.num) -> 0
access(/numbers/21.num, 0002) -> 0
rmdir(/numbers/21.num) -> 0
/numbers/28.num
refs: 0
getattr(/numbers/28.num) -> 0
access(/numbers/28.num, 0002) -> 0
rmdir(/numbers/28.num) -> 0
mkdir -p mnt || true
./nufs -s -f mnt data.nufs
fusermount -u mnt || true
TODO: mount data.nufs as data file
does this make a directory?
not here
access(/, 0004) -> 0
/BDMV
getattr(/BDMV) -> -1
/
refs: 0
getattr(/) -> 0
/autorun.inf
getattr(/autorun.inf) -> -1
/.xdg-volume-info
getattr(/.xdg-volume-info) -> -1
/
refs: 0
getattr(/) -> 0
readdir(/) -> 0
/
refs: 0
getattr(/) -> 0
/
refs: 0
getattr(/) -> 0
readdir(/) -> 0
/
refs: 0
getattr(/) -> 0
/
refs: 0
getattr(/) -> 0
readdir(/) -> 0
/
refs: 0
getattr(/) -> 0
/
refs: 0
getattr(/) -> 0
readdir(/) -> 0
/
refs: 0
getattr(/) -> 0
/
refs: 0
getattr(/) -> 0
readdir(/) -> 0
/
refs: 0
getattr(/) -> 0
/
refs: 0
getattr(/) -> 0
readdir(/) -> 0
/
refs: 0
getattr(/) -> 0
/
refs: 0
getattr(/) -> 0
readdir(/) -> 0
/
refs: 0
getattr(/) -> 0
/
refs: 0
getattr(/) -> 0
readdir(/) -> 0
/
refs: 0
getattr(/) -> 0
/
refs: 0
getattr(/) -> 0
readdir(/) -> 0
/
refs: 0
getattr(/) -> 0
/
refs: 0
getattr(/) -> 0
readdir(/) -> 0
/
refs: 0
getattr(/) -> 0
/
refs: 0
getattr(/) -> 0
readdir(/) -> 0
/
refs: 0
getattr(/) -> 0
/
refs: 0
getattr(/) -> 0
readdir(/) -> 0
/
refs: 0
getattr(/) -> 0
/
refs: 0
getattr(/) -> 0
readdir(/) -> 0
/
refs: 0
getattr(/) -> 0
/
refs: 0
getattr(/) -> 0
readdir(/) -> 0
/
refs: 0
getattr(/) -> 0
/
refs: 0
getattr(/) -> 0
readdir(/) -> 0
/
refs: 0
getattr(/) -> 0
/
refs: 0
getattr(/) -> 0
readdir(/) -> 0
/
refs: 0
getattr(/) -> 0
/
refs: 0
getattr(/) -> 0
readdir(/) -> 0
/
refs: 0
getattr(/) -> 0
/
refs: 0
getattr(/) -> 0
readdir(/) -> 0
/
refs: 0
getattr(/) -> 0
/
refs: 0
getattr(/) -> 0
readdir(/) -> 0
/
refs: 0
getattr(/) -> 0
/
refs: 0
getattr(/) -> 0
readdir(/) -> 0
/
refs: 0
getattr(/) -> 0
/
refs: 0
getattr(/) -> 0
readdir(/) -> 0
/
refs: 0
getattr(/) -> 0
/
refs: 0
getattr(/) -> 0
readdir(/) -> 0
/
refs: 0
getattr(/) -> 0
/
refs: 0
getattr(/) -> 0
readdir(/) -> 0
/autorun.inf
getattr(/autorun.inf) -> -1
/numbers
refs: 0
getattr(/numbers) -> 0
/numbers
refs: 0
getattr(/numbers) -> 0
readdir(/numbers) -> 0
